// Jest Snapshot v1, https://goo.gl/fbAQLP

exports[`Prueba en GifItem Debe hacer match con el Snapshot 1`] = `
<div>
  <div
    class="card"
  >
    <img
      alt="Titulo Prueba"
      src="http://localhost/Url%20bien%20chingona"
    />
    <p>
      Titulo Prueba
    </p>
  </div>
</div>
`;
